// Vitest Snapshot v1, https://vitest.dev/guide/snapshot.html

exports[`auto-cleanup-skip > second 1`] = `""`;
